// Jest Snapshot v1, https://goo.gl/fbAQLP

exports[`BackButton component should render correctly 1`] = `
<backButton>
  Buttonq
</backButton>
`;
